1                                                          The SAS System                            16:36 Friday, February 20, 2015

NOTE: Copyright (c) 2002-2008 by SAS Institute Inc., Cary, NC, USA. 
NOTE: SAS (r) Proprietary Software 9.2 (TS2M3) 
      Licensed to DEPAUL UNIVERSITY-T&R, Site 70072056.
NOTE: This session is executing on the Linux 2.6.18-371.9.1.el5 (LIN X64) platform.



You are running SAS 9. Some SAS 8 files will be automatically converted 
by the V9 engine; others are incompatible.  Please see 
http://support.sas.com/rnd/migration/planning/platform/64bit.html

PROC MIGRATE will preserve current SAS file attributes and is 
recommended for converting all your SAS libraries from any 
SAS 8 release to SAS 9.  For details and examples, please see
http://support.sas.com/rnd/migration/index.html


This message is contained in the SAS news file, and is presented upon
initialization.  Edit the file "news" in the "misc/base" directory to
display site-specific news and information in the program log.
The command line option "-nonews" will prevent this display.




NOTE: SAS initialization used:
      real time           0.04 seconds
      cpu time            0.02 seconds
      
1          option compress = yes;
2          
3          libname f "/opt/data/datamain/TITLE2012/sas_dataset";
NOTE: Libref F was successfully assigned as follows: 
      Engine:        V9 
      Physical Name: /opt/data/datamain/TITLE2012/sas_dataset
3        !                                                      
4          libname h "/home/yzhang96/TITLE";
NOTE: Libref H was successfully assigned as follows: 
      Engine:        V9 
      Physical Name: /home/yzhang96/TITLE
4        !                                  
5          
6          %macro test;
7          filename filelist pipe "ls /opt/data/datamain/TITLE2012/sas_dataset";
8          data h.f_list;
9             infile filelist;
10            length process $ 80;
11            input process $ char80.;
12            call symput('f_num', _N_);
13         run;
14         proc print data=h.f_list;
15         run;
16         
17         %put ~~~~~~~~~~;
18         
19         proc contents data = f.dpl_il_cook_20120507 out = h.a position noprint;
20         run;
21         
2                                                          The SAS System                            16:36 Friday, February 20, 2015

22         data h.b;
23         set h.a;
24         keep MEMNAME NAME TYPE LENGTH VARNUM FORMAT;
25         run;
26         proc sort data = h.b;
27         by VARNUM; 
28         run;
29         
30         data h.x;
31         set f.dpl_il_cook_20120507;
32         retain maxlength 0;
33         a1_apn_pin1 = trim(A1_APN_PIN);
34         len = length(A1_APN_PIN);
35         if maxlength<len then maxlength=len;
36         run;
37         
38         data h.y;
39         set h.x;
40         by a1_apn_pin;
41         if last.maxlength then output;
42         run;
43         
44         %mend test;
45         
46         %test();

NOTE: Numeric values have been converted to character values at the places given by: (Line):(Column).
      46:191   
NOTE: The infile FILELIST is:
      Pipe command="ls /opt/data/datamain/TITLE2012/sas_dataset"

NOTE: 147 records were read from the infile FILELIST.
      The minimum record length was 8.
      The maximum record length was 29.
NOTE: SAS went to a new line when INPUT statement reached past the end of a line.
NOTE: The data set H.F_LIST has 73 observations and 1 variables.
NOTE: Compressing data set H.F_LIST increased size by 100.00 percent. 
      Compressed is 2 pages; un-compressed would require 1 pages.
NOTE: DATA statement used (Total process time):
      real time           0.01 seconds
      cpu time            0.00 seconds
      


NOTE: There were 73 observations read from the data set H.F_LIST.
NOTE: The PROCEDURE PRINT printed pages 1-2.
NOTE: PROCEDURE PRINT used (Total process time):
      real time           0.02 seconds
      cpu time            0.03 seconds
      

~~~~~~~~~~

NOTE: The data set H.A has 1962 observations and 40 variables.
NOTE: Compressing data set H.A decreased size by 76.74 percent. 
      Compressed is 10 pages; un-compressed would require 43 pages.
NOTE: PROCEDURE CONTENTS used (Total process time):
      real time           0.02 seconds
3                                                          The SAS System                            16:36 Friday, February 20, 2015

      cpu time            0.03 seconds
      


NOTE: There were 1962 observations read from the data set H.A.
NOTE: The data set H.B has 1962 observations and 6 variables.
NOTE: Compressing data set H.B decreased size by 30.00 percent. 
      Compressed is 21 pages; un-compressed would require 30 pages.
NOTE: DATA statement used (Total process time):
      real time           0.01 seconds
      cpu time            0.01 seconds
      


NOTE: There were 1962 observations read from the data set H.B.
NOTE: The data set H.B has 1962 observations and 6 variables.
NOTE: Compressing data set H.B decreased size by 30.00 percent. 
      Compressed is 21 pages; un-compressed would require 30 pages.
NOTE: PROCEDURE SORT used (Total process time):
      real time           0.00 seconds
      cpu time            0.01 seconds
      


NOTE: There were 59054 observations read from the data set F.DPL_IL_COOK_20120507.
NOTE: The data set H.X has 59054 observations and 1965 variables.
NOTE: Compressing data set H.X decreased size by 99.49 percent. 
      Compressed is 301 pages; un-compressed would require 59056 pages.
NOTE: DATA statement used (Total process time):
      real time           8.28 seconds
      cpu time            8.29 seconds
      


NOTE: Variable last.maxlength is uninitialized.
NOTE: There were 59054 observations read from the data set H.X.
NOTE: The data set H.Y has 0 observations and 1965 variables.
NOTE: DATA statement used (Total process time):
      real time           1.29 seconds
      cpu time            1.29 seconds
      

180: LINE and COLUMN cannot be determined.
NOTE: NOSPOOL is on. Rerunning with OPTION SPOOL may allow recovery of the LINE and COLUMN where the error has occurred.
ERROR 180-322: Statement is not valid or it is used out of proper order.
47         

ERROR: Errors printed on page 3.

NOTE: SAS Institute Inc., SAS Campus Drive, Cary, NC USA 27513-2414
NOTE: The SAS System used:
      real time           9.71 seconds
      cpu time            9.68 seconds
      
